#
# There is insufficient memory for the Java Runtime Environment to continue.
# Native memory allocation (mmap) failed to map 6442450944 bytes for G1 virtual space
# Possible reasons:
#   The system is out of physical RAM or swap space
#   The process is running with CompressedOops enabled, and the Java Heap may be blocking the growth of the native heap
# Possible solutions:
#   Reduce memory load on the system
#   Increase physical memory or swap space
#   Check if swap backing store is full
#   Decrease Java heap size (-Xmx/-Xms)
#   Decrease number of Java threads
#   Decrease Java thread stack sizes (-Xss)
#   Set larger code cache with -XX:ReservedCodeCacheSize=
#   JVM is running with Zero Based Compressed Oops mode in which the Java heap is
#     placed in the first 32GB address space. The Java Heap base address is the
#     maximum limit for the native heap growth. Please use -XX:HeapBaseMinAddress
#     to set the Java Heap base and to place the Java Heap above 32GB virtual address.
# This output file may be truncated or incomplete.
#
#  Out of Memory Error (os_windows.cpp:3603), pid=900, tid=2304
#
# JRE version:  (21.0.9+7) (build )
# Java VM: Java HotSpot(TM) 64-Bit Server VM (21.0.9+7-LTS-338, mixed mode, sharing, tiered, compressed oops, compressed class ptrs, g1 gc, windows-amd64)
# No core dump will be written. Minidumps are not enabled by default on client versions of Windows
#

---------------  S U M M A R Y ------------

Command Line: -Xmx6G -Xms6G server.jar

Host: Intel(R) Core(TM) i5-10300H CPU @ 2.50GHz, 8 cores, 15G,  Windows 10 , 64 bit Build 19041 (10.0.19041.5915)
Time: Sat Dec 27 22:22:07 2025 E. South America Standard Time elapsed time: 0.011230 seconds (0d 0h 0m 0s)

---------------  T H R E A D  ---------------

Current thread (0x0000023caf00c3b0):  JavaThread "Unknown thread" [_thread_in_vm, id=2304, stack(0x000000840a500000,0x000000840a600000) (1024K)]

Stack: [0x000000840a500000,0x000000840a600000]
Native frames: (J=compiled Java code, j=interpreted, Vv=VM code, C=native code)
V  [jvm.dll+0x6cbf89]
V  [jvm.dll+0x858421]
V  [jvm.dll+0x85a94e]
V  [jvm.dll+0x85b023]
V  [jvm.dll+0x27ebc6]
V  [jvm.dll+0x6c8705]
V  [jvm.dll+0x6bd26a]
V  [jvm.dll+0x354a0a]
V  [jvm.dll+0x35c686]
V  [jvm.dll+0x3af79e]
V  [jvm.dll+0x3afa48]
V  [jvm.dll+0x328d1c]
V  [jvm.dll+0x32987b]
V  [jvm.dll+0x821739]
V  [jvm.dll+0x3bc481]
V  [jvm.dll+0x80a9b8]
V  [jvm.dll+0x45166e]
V  [jvm.dll+0x453261]
C  [jli.dll+0x52a3]
C  [ucrtbase.dll+0x21bb2]
C  [KERNEL32.DLL+0x17374]
C  [ntdll.dll+0x4cc91]


---------------  P R O C E S S  ---------------

Threads class SMR info:
_java_thread_list=0x00007ffdac56fc08, length=0, elements={
}

Java Threads: ( => current thread )
Total: 0

Other Threads:
  0x0000023cb11bda30 WorkerThread "GC Thread#0"                     [id=1516, stack(0x000000840a600000,0x000000840a700000) (1024K)]
  0x0000023cb11ca9e0 ConcurrentGCThread "G1 Main Marker"            [id=3088, stack(0x000000840a700000,0x000000840a800000) (1024K)]
  0x0000023cb11cbaa0 WorkerThread "G1 Conc#0"                       [id=18576, stack(0x000000840a800000,0x000000840a900000) (1024K)]

[error occurred during error reporting (printing all threads), id 0xc0000005, EXCEPTION_ACCESS_VIOLATION (0xc0000005) at pc=0x00007ffdabcdb4a7]
VM state: not at safepoint (not fully initialized)

VM Mutex/Monitor currently owned by a thread:  ([mutex/lock_event])
[0x00007ffdac5e0ef0] Heap_lock - owner thread: 0x0000023caf00c3b0

Heap address: 0x0000000680000000, size: 6144 MB, Compressed Oops mode: Zero based, Oop shift amount: 3

CDS archive(s) mapped at: [0x0000000000000000-0x0000000000000000-0x0000000000000000), size 0, SharedBaseAddress: 0x0000000800000000, ArchiveRelocationMode: 1.
Narrow klass base: 0x0000000000000000, Narrow klass shift: 0, Narrow klass range: 0x0

GC Precious Log:
 CardTable entry size: 512
 Card Set container configuration: InlinePtr #cards 4 size 8 Array Of Cards #cards 32 size 80 Howl #buckets 8 coarsen threshold 7372 Howl Bitmap #cards 1024 size 144 coarsen threshold 921 Card regions per heap region 1 cards per card region 8192

Heap:
 garbage-first heap   total 0K, used 0K [0x0000000680000000, 0x0000000800000000)
  region size 4096K, 0 young (0K), 0 survivors (0K)

[error occurred during error reporting (printing heap information), id 0xc0000005, EXCEPTION_ACCESS_VIOLATION (0xc0000005) at pc=0x00007ffdac0c4ff9]
GC Heap History (0 events):
No events

Dll operation events (1 events):
Event: 0.005 Loaded shared library C:\Program Files\Java\jdk-21\bin\java.dll

Deoptimization events (0 events):
No events

Classes loaded (0 events):
No events

Classes unloaded (0 events):
No events

Classes redefined (0 events):
No events

Internal exceptions (0 events):
No events

ZGC Phase Switch (0 events):
No events

VM Operations (0 events):
No events

Events (0 events):
No events


Dynamic libraries:
0x00007ff6579b0000 - 0x00007ff6579c0000 	C:\Program Files\Java\jdk-21\bin\java.exe
0x00007ffe7f4b0000 - 0x00007ffe7f6a8000 	C:\Windows\SYSTEM32\ntdll.dll
0x00007ffe7df50000 - 0x00007ffe7e012000 	C:\Windows\System32\KERNEL32.DLL
0x00007ffe7d1a0000 - 0x00007ffe7d496000 	C:\Windows\System32\KERNELBASE.dll
0x00007ffe7ceb0000 - 0x00007ffe7cfb0000 	C:\Windows\System32\ucrtbase.dll
0x00007ffe78280000 - 0x00007ffe7829b000 	C:\Program Files\Java\jdk-21\bin\VCRUNTIME140.dll
0x00007ffe6e230000 - 0x00007ffe6e249000 	C:\Program Files\Java\jdk-21\bin\jli.dll
0x00007ffe7d590000 - 0x00007ffe7d641000 	C:\Windows\System32\ADVAPI32.dll
0x00007ffe7d720000 - 0x00007ffe7d7be000 	C:\Windows\System32\msvcrt.dll
0x00007ffe7d820000 - 0x00007ffe7d8bf000 	C:\Windows\System32\sechost.dll
0x00007ffe7d8c0000 - 0x00007ffe7d9e0000 	C:\Windows\System32\RPCRT4.dll
0x00007ffe7d4a0000 - 0x00007ffe7d4c7000 	C:\Windows\System32\bcrypt.dll
0x00007ffe7dba0000 - 0x00007ffe7dd41000 	C:\Windows\System32\USER32.dll
0x00007ffe7d0c0000 - 0x00007ffe7d0e2000 	C:\Windows\System32\win32u.dll
0x00007ffe7ea20000 - 0x00007ffe7ea4b000 	C:\Windows\System32\GDI32.dll
0x00007ffe68180000 - 0x00007ffe6841b000 	C:\Windows\WinSxS\amd64_microsoft.windows.common-controls_6595b64144ccf1df_6.0.19041.6456_none_60b8a6cb71f64256\COMCTL32.dll
0x00007ffe7cd90000 - 0x00007ffe7cea9000 	C:\Windows\System32\gdi32full.dll
0x00007ffe7ccf0000 - 0x00007ffe7cd8d000 	C:\Windows\System32\msvcp_win.dll
0x00007ffe788e0000 - 0x00007ffe788ea000 	C:\Windows\SYSTEM32\VERSION.dll
0x00007ffe7e150000 - 0x00007ffe7e17f000 	C:\Windows\System32\IMM32.DLL
0x00007ffe78880000 - 0x00007ffe7888c000 	C:\Program Files\Java\jdk-21\bin\vcruntime140_1.dll
0x00007ffe211b0000 - 0x00007ffe2123e000 	C:\Program Files\Java\jdk-21\bin\msvcp140.dll
0x00007ffdab9a0000 - 0x00007ffdac6bd000 	C:\Program Files\Java\jdk-21\bin\server\jvm.dll
0x00007ffe7f280000 - 0x00007ffe7f2eb000 	C:\Windows\System32\WS2_32.dll
0x00007ffe7c040000 - 0x00007ffe7c08b000 	C:\Windows\SYSTEM32\POWRPROF.dll
0x00007ffe71710000 - 0x00007ffe71737000 	C:\Windows\SYSTEM32\WINMM.dll
0x00007ffe7bf00000 - 0x00007ffe7bf12000 	C:\Windows\SYSTEM32\UMPDC.dll
0x00007ffe7b310000 - 0x00007ffe7b322000 	C:\Windows\SYSTEM32\kernel.appcore.dll
0x00007ffe75b00000 - 0x00007ffe75b0a000 	C:\Program Files\Java\jdk-21\bin\jimage.dll
0x00007ffe7a850000 - 0x00007ffe7aa51000 	C:\Windows\SYSTEM32\DBGHELP.DLL
0x00007ffe57bf0000 - 0x00007ffe57c24000 	C:\Windows\SYSTEM32\dbgcore.DLL
0x00007ffe7d030000 - 0x00007ffe7d0b2000 	C:\Windows\System32\bcryptPrimitives.dll
0x00007ffe6df00000 - 0x00007ffe6df1f000 	C:\Program Files\Java\jdk-21\bin\java.dll

dbghelp: loaded successfully - version: 4.0.5 - missing functions: none
symbol engine: initialized successfully - sym options: 0x614 - pdb path: .;C:\Program Files\Java\jdk-21\bin;C:\Windows\SYSTEM32;C:\Windows\WinSxS\amd64_microsoft.windows.common-controls_6595b64144ccf1df_6.0.19041.6456_none_60b8a6cb71f64256;C:\Program Files\Java\jdk-21\bin\server

VM Arguments:
jvm_args: -Xmx6G -Xms6G 
java_command: server.jar
java_class_path (initial): server.jar
Launcher Type: SUN_STANDARD

[Global flags]
     intx CICompilerCount                          = 4                                         {product} {ergonomic}
     uint ConcGCThreads                            = 2                                         {product} {ergonomic}
     uint G1ConcRefinementThreads                  = 8                                         {product} {ergonomic}
   size_t G1HeapRegionSize                         = 4194304                                   {product} {ergonomic}
    uintx GCDrainStackTargetSize                   = 64                                        {product} {ergonomic}
   size_t InitialHeapSize                          = 6442450944                                {product} {command line}
   size_t MarkStackSize                            = 4194304                                   {product} {ergonomic}
   size_t MaxHeapSize                              = 6442450944                                {product} {command line}
   size_t MinHeapDeltaBytes                        = 4194304                                   {product} {ergonomic}
   size_t MinHeapSize                              = 6442450944                                {product} {command line}
    uintx NonNMethodCodeHeapSize                   = 5839372                                {pd product} {ergonomic}
    uintx NonProfiledCodeHeapSize                  = 122909434                              {pd product} {ergonomic}
    uintx ProfiledCodeHeapSize                     = 122909434                              {pd product} {ergonomic}
    uintx ReservedCodeCacheSize                    = 251658240                              {pd product} {ergonomic}
     bool SegmentedCodeCache                       = true                                      {product} {ergonomic}
   size_t SoftMaxHeapSize                          = 6442450944                             {manageable} {ergonomic}
     bool UseCompressedOops                        = true                           {product lp64_product} {ergonomic}
     bool UseG1GC                                  = true                                      {product} {ergonomic}
     bool UseLargePagesIndividualAllocation        = false                                  {pd product} {ergonomic}

Logging:
Log output configuration:
 #0: stdout all=warning uptime,level,tags foldmultilines=false
 #1: stderr all=off uptime,level,tags foldmultilines=false

Environment Variables:
PATH=C:\Program Files\Common Files\Oracle\Java\javapath;C:\Program Files (x86)\Common Files\Oracle\Java\javapath;C:\ProgramData\Oracle\Java\javapath;C:\Windows\system32;C:\Windows;C:\Windows\System32\Wbem;C:\Windows\System32\WindowsPowerShell\v1.0\;C:\Windows\System32\OpenSSH\;C:\Program Files (x86)\NVIDIA Corporation\PhysX\Common;C:\Program Files\dotnet\;D:\Program Files\v97\runtime\win64;C:\Program Files (x86)\Wolfram Research\WolframScript\;C:\Program Files\CMake\bin;C:\Program Files\Git\cmd;C:\MinGW\bin;C:\Program Files\gnuplot\bin;C;C:\Program Files\NVIDIA Corporation\NVIDIA app\NvDLISR;C:\Program Files\Tailscale\;C:\Users\calle\.cargo\bin;C:\Users\calle\AppData\Local\Microsoft\WindowsApps;C:\Users\calle\AppData\Local\Programs\Microsoft VS Code\bin;C:\Users\calle\.dotnet\tools;C:\Users\calle\AppData\Local\GitHubDesktop\bin;C:\Users\calle\AppData\Local\Programs\MiKTeX\miktex\bin\x64\;C:\texlive\2024\bin\windows
USERNAME=calle
OS=Windows_NT
PROCESSOR_IDENTIFIER=Intel64 Family 6 Model 165 Stepping 2, GenuineIntel
TMP=C:\Users\calle\AppData\Local\Temp
TEMP=C:\Users\calle\AppData\Local\Temp




Periodic native trim disabled

---------------  S Y S T E M  ---------------

OS:
 Windows 10 , 64 bit Build 19041 (10.0.19041.5915)
OS uptime: 0 days 1:04 hours
Hyper-V role detected

CPU: total 8 (initial active 8) (4 cores per cpu, 2 threads per core) family 6 model 165 stepping 2 microcode 0xec, cx8, cmov, fxsr, ht, mmx, 3dnowpref, sse, sse2, sse3, ssse3, sse4.1, sse4.2, popcnt, lzcnt, tsc, tscinvbit, avx, avx2, aes, erms, clmul, bmi1, bmi2, adx, fma, vzeroupper, clflush, clflushopt, hv, rdtscp, f16c
Processor Information for all 8 processors :
  Max Mhz: 2496, Current Mhz: 2496, Mhz Limit: 2496

Memory: 4k page, system-wide physical 16217M (1105M free)
TotalPageFile size 45721M (AvailPageFile size 2336M)
current process WorkingSet (physical memory assigned to process): 10M, peak: 10M
current process commit charge ("private bytes"): 60M, peak: 6204M

vm_info: Java HotSpot(TM) 64-Bit Server VM (21.0.9+7-LTS-338) for windows-amd64 JRE (21.0.9+7-LTS-338), built on 2025-09-26T06:33:49Z by "mach5run" with MS VC++ 17.6 (VS2022)

END.
