[20:04:59] [ServerMain/INFO]: Environment: Environment[sessionHost=https://sessionserver.mojang.com, servicesHost=https://api.minecraftservices.com, profilesHost=https://api.mojang.com, name=PROD]
[20:05:01] [ServerMain/INFO]: Loaded 1470 recipes
[20:05:01] [ServerMain/INFO]: Loaded 1584 advancements
[20:05:02] [Server thread/INFO]: Starting minecraft server version 1.21.11
[20:05:02] [Server thread/INFO]: Loading properties
[20:05:02] [Server thread/INFO]: Default game type: SURVIVAL
[20:05:02] [Server thread/INFO]: Generating keypair
[20:05:02] [Server console handler/ERROR]: Exception handling console input
java.io.IOException: The handle is invalid
	at java.base/java.io.FileInputStream.readBytes(Native Method)
	at java.base/java.io.FileInputStream.read(FileInputStream.java:287)
	at java.base/java.io.BufferedInputStream.read1(BufferedInputStream.java:345)
	at java.base/java.io.BufferedInputStream.implRead(BufferedInputStream.java:420)
	at java.base/java.io.BufferedInputStream.read(BufferedInputStream.java:399)
	at java.base/sun.nio.cs.StreamDecoder.readBytes(StreamDecoder.java:350)
	at java.base/sun.nio.cs.StreamDecoder.implRead(StreamDecoder.java:393)
	at java.base/sun.nio.cs.StreamDecoder.lockedRead(StreamDecoder.java:217)
	at java.base/sun.nio.cs.StreamDecoder.read(StreamDecoder.java:171)
	at java.base/java.io.InputStreamReader.read(InputStreamReader.java:188)
	at java.base/java.io.BufferedReader.fill(BufferedReader.java:160)
	at java.base/java.io.BufferedReader.implReadLine(BufferedReader.java:370)
	at java.base/java.io.BufferedReader.readLine(BufferedReader.java:347)
	at java.base/java.io.BufferedReader.readLine(BufferedReader.java:436)
	at ary$1.run(SourceFile:186)
[20:05:02] [Server thread/INFO]: Starting Minecraft server on *:25565
[20:05:02] [Server thread/WARN]: **** SERVER IS RUNNING IN OFFLINE/INSECURE MODE!
[20:05:02] [Server thread/WARN]: The server will make no attempt to authenticate usernames. Beware.
[20:05:02] [Server thread/WARN]: While this makes the game possible to play without internet access, it also opens up the ability for hackers to connect with any username they choose.
[20:05:02] [Server thread/WARN]: To change this, set "online-mode" to "true" in the server.properties file.
[20:05:02] [Server thread/INFO]: Preparing level "world"
[20:05:03] [Server thread/INFO]: Loading 0 persistent chunks...
[20:05:03] [Server thread/INFO]: Preparing spawn area: 100%
[20:05:03] [Server thread/INFO]: Time elapsed: 13 ms
[20:05:03] [Server thread/INFO]: Done (0.681s)! For help, type "help"
[20:05:11] [Server thread/INFO]: Callebez[/100.91.144.40:62407] logged in with entity id 307 at (64.6411173866642, 69.0, -110.89601748934743)
[20:05:11] [Server thread/INFO]: Callebez joined the game
[20:06:06] [Server thread/INFO]: Callebez has made the advancement [Cover Me with Diamonds]
[20:52:54] [Server thread/WARN]: Mismatch in destroy block pos: is{x=90, y=60, z=-5} is{x=90, y=61, z=-5}
[20:52:54] [Server thread/WARN]: Mismatch in destroy block pos: is{x=90, y=60, z=-5} is{x=90, y=61, z=-5}
[20:52:54] [Server thread/WARN]: Mismatch in destroy block pos: is{x=90, y=60, z=-5} is{x=90, y=61, z=-5}
[20:53:56] [Server thread/WARN]: Mismatch in destroy block pos: is{x=97, y=60, z=40} is{x=96, y=60, z=40}
[20:53:56] [Server thread/WARN]: Mismatch in destroy block pos: is{x=97, y=60, z=40} is{x=96, y=60, z=40}
[20:53:56] [Server thread/WARN]: Mismatch in destroy block pos: is{x=97, y=60, z=40} is{x=96, y=60, z=40}
[20:53:56] [Server thread/WARN]: Mismatch in destroy block pos: is{x=97, y=60, z=40} is{x=96, y=60, z=40}
[20:53:56] [Server thread/WARN]: Mismatch in destroy block pos: is{x=97, y=60, z=40} is{x=96, y=60, z=40}
[23:31:43] [Server thread/INFO]: Callebez lost connection: Disconnected
[23:31:43] [Server thread/INFO]: Callebez left the game
[23:32:24] [Server thread/INFO]: Stopping server
[23:32:24] [Server thread/INFO]: Saving players
[23:32:24] [Server thread/INFO]: Saving worlds
[23:32:24] [Server thread/INFO]: Saving chunks for level 'ServerLevel[world]'/minecraft:overworld
[23:32:24] [Server thread/INFO]: Saving chunks for level 'ServerLevel[world]'/minecraft:the_nether
[23:32:24] [Server thread/INFO]: Saving chunks for level 'ServerLevel[world]'/minecraft:the_end
[23:32:24] [Server thread/INFO]: ThreadedAnvilChunkStorage (world): All chunks are saved
[23:32:24] [Server thread/INFO]: ThreadedAnvilChunkStorage (DIM-1): All chunks are saved
[23:32:24] [Server thread/INFO]: ThreadedAnvilChunkStorage (DIM1): All chunks are saved
[23:32:24] [Server thread/INFO]: ThreadedAnvilChunkStorage: All dimensions are saved
